// Vitest Snapshot v1

exports[`defining a form > renders html elements 1`] = `"<form id=\\"form\\" class=\\"valid\\"><input data-test-id=\\"named\\" data-test-type=\\"plain\\"><br data-test-type=\\"plain\\"><input id=\\"text\\" type=\\"text\\" name=\\"text\\" class=\\"\\" data-test-id=\\"text\\" data-test-type=\\"interactive\\"></form>"`;
