// Vitest Snapshot v1, https://vitest.dev/guide/snapshot.html

exports[`rendering a form > defaults to no inner wrapper 1`] = `
<form
  id="form"
>
  
  
  <div
    data-test-id="field"
    data-test-type="interactive"
  />
  <input
    data-test-id="named"
    data-test-type="plain"
  >
    
    
  </input>
  <br
    data-test-type="plain"
  >
    
    
  </br>
  
  <!--v-if-->
  
</form>
`;

exports[`rendering a form > renders html elements 1`] = `
"<form id=\\"form\\">
  <div data-test-id=\\"field\\" data-test-type=\\"interactive\\"></div><input data-test-id=\\"named\\" data-test-type=\\"plain\\"><br data-test-type=\\"plain\\">
  <!--v-if-->
</form>"
`;

exports[`rendering a form > wraps fields with a wrapper element 1`] = `
<form
  id="form"
>
  
  
  <span
    class="inner-wrapper"
    element="[object Object]"
  />
  <span
    class="inner-wrapper"
    element="[object Object]"
  />
  <span
    class="inner-wrapper"
    element="[object Object]"
  />
  
  <!--v-if-->
  
</form>
`;
