// Vitest Snapshot v1, https://vitest.dev/guide/snapshot.html

exports[`createField > rendering inside forms > renders a modular field 1`] = `
"<form id="renderModular">
  <div><input id="modularTest" data-test-id="modularTest" data-test-type="interactive"><label for="modularTest">fieldLabel</label>
    <!---->
  </div>
</form>"
`;

exports[`createField > rendering inside forms > renders a simple field 1`] = `"<form id="renderSimple"><input id="test" data-test-id="test" data-test-type="interactive"></form>"`;
